// Jest Snapshot v1, https://goo.gl/fbAQLP

exports[`<WordList/> should render a list of words to the page 1`] = `
<DocumentFragment>
  <div
    class="wordItem"
  >
    <div
      class="wordItem"
    >
      <h4>
        Word: Word 1
      </h4>
      <p
        class="label"
      >
        Language
      </p>
      <p>
         English
      </p>
      <p
        class="label"
      >
        Translation
      </p>
      <p>
         word 1 translation
      </p>
      <p
        class="label"
      >
        Definition
      </p>
      <p>
         word 1 definition
      </p>
      <p
        class="label"
      >
        Example Sentence
      </p>
      <p>
         this is a cool word
      </p>
      <p
        class="label"
      >
        Notes
      </p>
      <p>
         I learned a new word!
      </p>
    </div>
  </div>
  <div
    class="wordItem"
  >
    <div
      class="wordItem"
    >
      <h4>
        Word: Word 2
      </h4>
      <p
        class="label"
      >
        Language
      </p>
      <p>
         English
      </p>
      <p
        class="label"
      >
        Translation
      </p>
      <p>
         word 2 translation
      </p>
      <p
        class="label"
      >
        Definition
      </p>
      <p>
         word 2 definition
      </p>
      <p
        class="label"
      >
        Example Sentence
      </p>
      <p>
         this is a cool word
      </p>
      <p
        class="label"
      >
        Notes
      </p>
      <p>
         I learned a new word!
      </p>
    </div>
  </div>
</DocumentFragment>
`;
